<html><body><form wicket:id="outerForm" id="outerForm1" method="post" action="./page?0-1.-outerForm">  <input type="submit" wicket:id="outerSubmit" name="outerSubmit" id="outerSubmit2"/>  <div id="innerForm3" style="display:none" data-wicket-placeholder=""></div></form></body></html>